[    0.000000] Linux version 4.15.0-213-generic (buildd@lcy02-amd64-079) (gcc version 7.5.0 (Ubuntu 7.5.0-3ubuntu1~18.04)) #224-Ubuntu SMP Mon Jun 19 13:30:12 UTC 2023 (Ubuntu 4.15.0-213.224-generic 4.15.18)
[    0.000000] Command line: BOOT_IMAGE=/boot/vmlinuz-4.15.0-213-generic root=UUID=f685bb41-0e3b-40c4-89c1-eea0f0583525 ro console=tty1 console=ttyS0
[    0.000000] KERNEL supported cpus:
[    0.000000]   Intel GenuineIntel
[    0.000000]   AMD AuthenticAMD
[    0.000000]   Centaur CentaurHauls
[    0.000000] x86/fpu: x87 FPU will use FXSAVE
[    0.000000] e820: BIOS-provided physical RAM map:
[    0.000000] BIOS-e820: [mem 0x0000000000000000-0x000000000009fbff] usable
[    0.000000] BIOS-e820: [mem 0x000000000009fc00-0x000000000009ffff] reserved
[    0.000000] BIOS-e820: [mem 0x00000000000f0000-0x00000000000fffff] reserved
[    0.000000] BIOS-e820: [mem 0x0000000000100000-0x000000003ffeffff] usable
[    0.000000] BIOS-e820: [mem 0x000000003fff0000-0x000000003fffffff] ACPI data
[    0.000000] BIOS-e820: [mem 0x00000000fec00000-0x00000000fec00fff] reserved
[    0.000000] BIOS-e820: [mem 0x00000000fee00000-0x00000000fee00fff] reserved
[    0.000000] BIOS-e820: [mem 0x00000000fffc0000-0x00000000ffffffff] reserved
[    0.000000] NX (Execute Disable) protection: active
[    0.000000] SMBIOS 2.5 present.
[    0.000000] DMI: innotek GmbH VirtualBox/VirtualBox, BIOS VirtualBox 12/01/2006
[    0.000000] Hypervisor detected: KVM
[    0.000000] e820: last_pfn = 0x3fff0 max_arch_pfn = 0x400000000
[    0.000000] MTRR: Disabled
[    0.000000] x86/PAT: MTRRs disabled, skipping PAT initialization too.
[    0.000000] CPU MTRRs all blank - virtualized system.
[    0.000000] x86/PAT: Configuration [0-7]: WB  WT  UC- UC  WB  WT  UC- UC  
[    0.000000] found SMP MP-table at [mem 0x0009fff0-0x0009ffff]
[    0.000000] Scanning 1 areas for low memory corruption
[    0.000000] RAMDISK: [mem 0x35819000-0x36c03fff]
[    0.000000] ACPI: Early table checksum verification disabled
[    0.000000] ACPI: RSDP 0x00000000000E0000 000024 (v02 VBOX  )
[    0.000000] ACPI: XSDT 0x000000003FFF0030 00003C (v01 VBOX   VBOXXSDT 00000001 ASL  00000061)
[    0.000000] ACPI: FACP 0x000000003FFF00F0 0000F4 (v04 VBOX   VBOXFACP 00000001 ASL  00000061)
[    0.000000] ACPI: DSDT 0x000000003FFF0610 002353 (v02 VBOX   VBOXBIOS 00000002 INTL 20100528)
[    0.000000] ACPI: FACS 0x000000003FFF0200 000040
[    0.000000] ACPI: FACS 0x000000003FFF0200 000040
[    0.000000] ACPI: APIC 0x000000003FFF0240 00005C (v02 VBOX   VBOXAPIC 00000001 ASL  00000061)
[    0.000000] ACPI: SSDT 0x000000003FFF02A0 00036C (v01 VBOX   VBOXCPUT 00000002 INTL 20100528)
[    0.000000] ACPI: Reserving FACP table memory at [mem 0x3fff00f0-0x3fff01e3]
[    0.000000] ACPI: Reserving DSDT table memory at [mem 0x3fff0610-0x3fff2962]
[    0.000000] ACPI: Reserving FACS table memory at [mem 0x3fff0200-0x3fff023f]
[    0.000000] ACPI: Reserving FACS table memory at [mem 0x3fff0200-0x3fff023f]
[    0.000000] ACPI: Reserving APIC table memory at [mem 0x3fff0240-0x3fff029b]
[    0.000000] ACPI: Reserving SSDT table memory at [mem 0x3fff02a0-0x3fff060b]
[    0.000000] No NUMA configuration found
[    0.000000] Faking a node at [mem 0x0000000000000000-0x000000003ffeffff]
[    0.000000] NODE_DATA(0) allocated [mem 0x3ffc5000-0x3ffeffff]
[    0.000000] kvm-clock: cpu 0, msr 0:3ff44001, primary cpu clock
[    0.000000] kvm-clock: Using msrs 4b564d01 and 4b564d00
[    0.000000] kvm-clock: using sched offset of 4417930261 cycles
[    0.000000] clocksource: kvm-clock: mask: 0xffffffffffffffff max_cycles: 0x1cd42e4dffb, max_idle_ns: 881590591483 ns
[    0.000000] Zone ranges:
[    0.000000]   DMA      [mem 0x0000000000001000-0x0000000000ffffff]
[    0.000000]   DMA32    [mem 0x0000000001000000-0x000000003ffeffff]
[    0.000000]   Normal   empty
[    0.000000]   Device   empty
[    0.000000] Movable zone start for each node
[    0.000000] Early memory node ranges
[    0.000000]   node   0: [mem 0x0000000000001000-0x000000000009efff]
[    0.000000]   node   0: [mem 0x0000000000100000-0x000000003ffeffff]
[    0.000000] Reserved but unavailable: 104 pages
[    0.000000] Initmem setup node 0 [mem 0x0000000000001000-0x000000003ffeffff]
[    0.000000] ACPI: PM-Timer IO Port: 0x4008
[    0.000000] IOAPIC[0]: apic_id 2, version 32, address 0xfec00000, GSI 0-23
[    0.000000] ACPI: INT_SRC_OVR (bus 0 bus_irq 0 global_irq 2 dfl dfl)
[    0.000000] ACPI: INT_SRC_OVR (bus 0 bus_irq 9 global_irq 9 low level)
[    0.000000] Using ACPI (MADT) for SMP configuration information
[    0.000000] smpboot: Allowing 2 CPUs, 0 hotplug CPUs
[    0.000000] PM: Registered nosave memory: [mem 0x00000000-0x00000fff]
[    0.000000] PM: Registered nosave memory: [mem 0x0009f000-0x0009ffff]
[    0.000000] PM: Registered nosave memory: [mem 0x000a0000-0x000effff]
[    0.000000] PM: Registered nosave memory: [mem 0x000f0000-0x000fffff]
[    0.000000] e820: [mem 0x40000000-0xfebfffff] available for PCI devices
[    0.000000] Booting paravirtualized kernel on KVM
[    0.000000] clocksource: refined-jiffies: mask: 0xffffffff max_cycles: 0xffffffff, max_idle_ns: 7645519600211568 ns
[    0.000000] setup_percpu: NR_CPUS:8192 nr_cpumask_bits:2 nr_cpu_ids:2 nr_node_ids:1
[    0.000000] percpu: Embedded 50 pages/cpu s167936 r8192 d28672 u1048576
[    0.000000] PV qspinlock hash table entries: 256 (order: 0, 4096 bytes)
[    0.000000] Built 1 zonelists, mobility grouping on.  Total pages: 257913
[    0.000000] Policy zone: DMA32
[    0.000000] Kernel command line: BOOT_IMAGE=/boot/vmlinuz-4.15.0-213-generic root=UUID=f685bb41-0e3b-40c4-89c1-eea0f0583525 ro console=tty1 console=ttyS0
[    0.000000] Memory: 981776K/1048120K available (12300K kernel code, 2477K rwdata, 4324K rodata, 2480K init, 2720K bss, 66344K reserved, 0K cma-reserved)
[    0.000000] SLUB: HWalign=64, Order=0-3, MinObjects=0, CPUs=2, Nodes=1
[    0.000000] ftrace: allocating 39508 entries in 155 pages
[    0.004000] Hierarchical RCU implementation.
[    0.004000] 	RCU restricting CPUs from NR_CPUS=8192 to nr_cpu_ids=2.
[    0.004000] 	Tasks RCU enabled.
[    0.004000] RCU: Adjusting geometry for rcu_fanout_leaf=16, nr_cpu_ids=2
[    0.004000] NR_IRQS: 524544, nr_irqs: 440, preallocated irqs: 16
[    0.004000] random: crng init done
[    0.004000] Console: colour VGA+ 80x25
[    0.004000] console [tty1] enabled
[    0.004000] console [ttyS0] enabled
[    0.004000] ACPI: Core revision 20170831
[    0.004000] ACPI: 2 ACPI AML tables successfully acquired and loaded
[    0.004000] APIC: Switch to symmetric I/O mode setup
[    0.004000] ..TIMER: vector=0x30 apic1=0 pin1=2 apic2=-1 pin2=-1
[    0.004010] tsc: Detected 2995.200 MHz processor
[    0.008020] Calibrating delay loop (skipped) preset value.. 5990.40 BogoMIPS (lpj=11980800)
[    0.012010] pid_max: default: 32768 minimum: 301
[    0.016110] Security Framework initialized
[    0.020005] Yama: becoming mindful.
[    0.024071] AppArmor: AppArmor initialized
[    0.034674] Dentry cache hash table entries: 131072 (order: 8, 1048576 bytes)
[    0.044655] Inode-cache hash table entries: 65536 (order: 7, 524288 bytes)
[    0.048108] Mount-cache hash table entries: 2048 (order: 2, 16384 bytes)
[    0.052089] Mountpoint-cache hash table entries: 2048 (order: 2, 16384 bytes)
[    0.058550] Last level iTLB entries: 4KB 0, 2MB 0, 4MB 0
[    0.060005] Last level dTLB entries: 4KB 0, 2MB 0, 4MB 0, 1GB 0
[    0.064009] Spectre V1 : Mitigation: usercopy/swapgs barriers and __user pointer sanitization
[    0.068006] Spectre V2 : Mitigation: Enhanced IBRS
[    0.072005] Spectre V2 : Spectre v2 / SpectreRSB mitigation: Filling RSB on context switch
[    0.076005] Spectre V2 : Spectre v2 / PBRSB-eIBRS: Retire a single CALL on VMEXIT
[    0.080007] RETBleed: Mitigation: Enhanced IBRS
[    0.084005] Speculative Store Bypass: Vulnerable
[    0.088260] Freeing SMP alternatives memory: 36K
[    0.205083] smpboot: CPU0: Intel(R) Core(TM) Ultra 7 155H (family: 0x6, model: 0xaa, stepping: 0x4)
[    0.208978] Performance Events: unsupported p6 CPU model 170 no PMU driver, software events only.
[    0.212178] Hierarchical SRCU implementation.
[    0.216629] NMI watchdog: Perf event create on CPU 0 failed with -2
[    0.220008] NMI watchdog: Perf NMI watchdog permanently disabled
[    0.228406] smp: Bringing up secondary CPUs ...
[    0.238682] x86: Booting SMP configuration:
[    0.240006] .... node  #0, CPUs:      #1
[    0.004000] kvm-clock: cpu 1, msr 0:3ff44041, secondary cpu clock
[    0.258296] TSC synchronization [CPU#0 -> CPU#1]:
[    0.260000] Measured 190106 cycles TSC warp between CPUs, turning off TSC clock.
[    0.260000] tsc: Marking TSC unstable due to check_tsc_sync_source failed
[    0.264473] smp: Brought up 1 node, 2 CPUs
[    0.268009] smpboot: Max logical packages: 1
[    0.272006] smpboot: Total of 2 processors activated (11980.80 BogoMIPS)
[    0.280012] devtmpfs: initialized
[    0.284311] x86/mm: Memory block size: 128MB
[    0.288461] evm: security.selinux
[    0.291791] evm: security.SMACK64
[    0.292004] evm: security.SMACK64EXEC
[    0.295556] evm: security.SMACK64TRANSMUTE
[    0.296000] evm: security.SMACK64MMAP
[    0.296004] evm: security.apparmor
[    0.300003] evm: security.ima
[    0.304003] evm: security.capability
[    0.312696] clocksource: jiffies: mask: 0xffffffff max_cycles: 0xffffffff, max_idle_ns: 7645041785100000 ns
[    0.328160] futex hash table entries: 512 (order: 3, 32768 bytes)
[    0.336336] pinctrl core: initialized pinctrl subsystem
[    0.344543] RTC time: 11:28:13, date: 08/28/24
[    0.356620] NET: Registered protocol family 16
[    0.364102] audit: initializing netlink subsys (disabled)
[    0.368403] audit: type=2000 audit(1724844498.899:1): state=initialized audit_enabled=0 res=1
[    0.380028] cpuidle: using governor ladder
[    0.388015] cpuidle: using governor menu
[    0.396061] ACPI: bus type PCI registered
[    0.400008] acpiphp: ACPI Hot Plug PCI Controller Driver version: 0.5
[    0.412179] PCI: Using configuration type 1 for base access
[    0.424374] HugeTLB registered 2.00 MiB page size, pre-allocated 0 pages
[    0.440617] ACPI: Added _OSI(Module Device)
[    0.448007] ACPI: Added _OSI(Processor Device)
[    0.456004] ACPI: Added _OSI(3.0 _SCP Extensions)
[    0.464003] ACPI: Added _OSI(Processor Aggregator Device)
[    0.472010] ACPI: Added _OSI(Linux-Dell-Video)
[    0.484011] ACPI: Added _OSI(Linux-Lenovo-NV-HDMI-Audio)
[    0.492006] ACPI: Added _OSI(Linux-HPI-Hybrid-Graphics)
[    0.497191] ACPI: Executed 1 blocks of module-level executable AML code
[    0.515799] ACPI: Interpreter enabled
[    0.524026] ACPI: (supports S0 S5)
[    0.528005] ACPI: Using IOAPIC for interrupt routing
[    0.532495] PCI: Using host bridge windows from ACPI; if necessary, use "pci=nocrs" and report a bug
[    0.544319] ACPI: Enabled 2 GPEs in block 00 to 07
[    0.572311] ACPI: PCI Root Bridge [PCI0] (domain 0000 [bus 00-ff])
[    0.588032] acpi PNP0A03:00: _OSC: OS supports [ASPM ClockPM Segments MSI]
[    0.609794] acpi PNP0A03:00: _OSC: not requesting OS control; OS requires [ExtendedConfig ASPM ClockPM MSI]
[    0.636050] acpi PNP0A03:00: fail to add MMCONFIG information, can't access extended PCI configuration space under this bridge.
[    0.673140] PCI host bridge to bus 0000:00
[    0.684012] pci_bus 0000:00: root bus resource [io  0x0000-0x0cf7 window]
[    0.708014] pci_bus 0000:00: root bus resource [io  0x0d00-0xffff window]
[    0.728013] pci_bus 0000:00: root bus resource [mem 0x000a0000-0x000bffff window]
[    0.752010] pci_bus 0000:00: root bus resource [mem 0x40000000-0xfdffffff window]
[    0.760009] pci_bus 0000:00: root bus resource [bus 00-ff]
[    0.773922] pci 0000:00:01.1: legacy IDE quirk: reg 0x10: [io  0x01f0-0x01f7]
[    0.780006] pci 0000:00:01.1: legacy IDE quirk: reg 0x14: [io  0x03f6]
[    0.788011] pci 0000:00:01.1: legacy IDE quirk: reg 0x18: [io  0x0170-0x0177]
[    0.804008] pci 0000:00:01.1: legacy IDE quirk: reg 0x1c: [io  0x0376]
[    0.853324] pci 0000:00:07.0: quirk: [io  0x4000-0x403f] claimed by PIIX4 ACPI
[    0.860046] pci 0000:00:07.0: quirk: [io  0x4100-0x410f] claimed by PIIX4 SMB
[    0.881065] ACPI: PCI Interrupt Link [LNKA] (IRQs 5 9 10 *11)
[    0.888275] ACPI: PCI Interrupt Link [LNKB] (IRQs 5 9 *10 11)
[    0.892703] ACPI: PCI Interrupt Link [LNKC] (IRQs 5 *9 10 11)
[    0.908218] ACPI: PCI Interrupt Link [LNKD] (IRQs 5 9 10 *11)
[    0.916728] SCSI subsystem initialized
[    0.924281] pci 0000:00:02.0: vgaarb: setting as boot VGA device
[    0.928000] pci 0000:00:02.0: vgaarb: VGA device added: decodes=io+mem,owns=io+mem,locks=none
[    0.940018] pci 0000:00:02.0: vgaarb: bridge control possible
[    0.956007] vgaarb: loaded
[    0.960121] ACPI: bus type USB registered
[    0.964026] usbcore: registered new interface driver usbfs
[    0.968022] usbcore: registered new interface driver hub
[    0.976082] usbcore: registered new device driver usb
[    0.984513] EDAC MC: Ver: 3.0.0
[    0.992057] PCI: Using ACPI for IRQ routing
[    0.996732] NetLabel: Initializing
[    1.000003] NetLabel:  domain hash size = 128
[    1.004002] NetLabel:  protocols = UNLABELED CIPSOv4 CALIPSO
[    1.008086] NetLabel:  unlabeled traffic allowed by default
[    1.024074] clocksource: Switched to clocksource kvm-clock
[    1.109040] VFS: Disk quotas dquot_6.6.0
[    1.113569] VFS: Dquot-cache hash table entries: 512 (order 0, 4096 bytes)
[    1.121443] AppArmor: AppArmor Filesystem Enabled
[    1.127209] pnp: PnP ACPI init
[    1.132951] pnp: PnP ACPI: found 3 devices
[    1.146035] clocksource: acpi_pm: mask: 0xffffff max_cycles: 0xffffff, max_idle_ns: 2085701024 ns
[    1.157886] NET: Registered protocol family 2
[    1.163560] IP idents hash table entries: 16384 (order: 5, 131072 bytes)
[    1.171454] TCP established hash table entries: 8192 (order: 4, 65536 bytes)
[    1.179699] TCP bind hash table entries: 8192 (order: 5, 131072 bytes)
[    1.187185] TCP: Hash tables configured (established 8192 bind 8192)
[    1.194491] UDP hash table entries: 512 (order: 2, 16384 bytes)
[    1.201424] UDP-Lite hash table entries: 512 (order: 2, 16384 bytes)
[    1.208143] NET: Registered protocol family 1
[    1.213232] pci 0000:00:00.0: Limiting direct PCI/PCI transfers
[    1.219638] pci 0000:00:01.0: Activating ISA DMA hang workarounds
[    1.233070] pci 0000:00:02.0: Video device with shadowed ROM at [mem 0x000c0000-0x000dffff]
[    1.250927] Unpacking initramfs...
[    1.288252] Freeing initrd memory: 20396K
[    2.164211] clocksource: tsc: mask: 0xffffffffffffffff max_cycles: 0x2b2c8ec87c7, max_idle_ns: 440795278598 ns
[    2.181110] platform rtc_cmos: registered platform RTC device (no PNP device found)
[    2.193603] Scanning for low memory corruption every 60 seconds
[    2.216763] Initialise system trusted keyrings
[    2.230425] Key type blacklist registered
[    2.241569] workingset: timestamp_bits=36 max_order=18 bucket_order=0
[    2.254990] zbud: loaded
[    2.268217] squashfs: version 4.0 (2009/01/31) Phillip Lougher
[    2.281199] fuse init (API version 7.26)
[    2.330654] Key type asymmetric registered
[    2.337892] Asymmetric key parser 'x509' registered
[    2.342005] Block layer SCSI generic (bsg) driver version 0.4 loaded (major 246)
[    2.350765] io scheduler noop registered
[    2.363894] io scheduler deadline registered
[    2.379758] io scheduler cfq registered (default)
[    2.391944] ACPI: AC Adapter [AC] (on-line)
[    2.402512] input: Power Button as /devices/LNXSYSTM:00/LNXPWRBN:00/input/input0
[    2.427062] ACPI: Power Button [PWRF]
[    2.438844] input: Sleep Button as /devices/LNXSYSTM:00/LNXSLPBN:00/input/input1
[    2.448860] ACPI: Sleep Button [SLPF]
[    2.458042] Serial: 8250/16550 driver, 32 ports, IRQ sharing enabled
[    2.462927] ACPI: Battery Slot [BAT0] (battery present)
[    2.509155] 00:02: ttyS0 at I/O 0x3f8 (irq = 4, base_baud = 115200) is a 16550A
[    2.527590] Linux agpgart interface v0.103
[    2.540553] loop: module loaded
[    2.550813] scsi host0: ata_piix
[    2.560728] scsi host1: ata_piix
[    2.567816] ata1: PATA max UDMA/33 cmd 0x1f0 ctl 0x3f6 bmdma 0xd000 irq 14
[    2.579388] ata2: PATA max UDMA/33 cmd 0x170 ctl 0x376 bmdma 0xd008 irq 15
[    2.593967] tun: Universal TUN/TAP device driver, 1.6
[    2.607225] PPP generic driver version 2.4.2
[    2.617946] ehci_hcd: USB 2.0 'Enhanced' Host Controller (EHCI) Driver
[    2.631468] ehci-pci: EHCI PCI platform driver
[    2.639110] ehci-platform: EHCI generic platform driver
[    2.646944] ohci_hcd: USB 1.1 'Open' Host Controller (OHCI) Driver
[    2.656470] ohci-pci: OHCI PCI platform driver
[    2.670080] ohci-platform: OHCI generic platform driver
[    2.687915] uhci_hcd: USB Universal Host Controller Interface driver
[    2.707041] i8042: PNP: PS/2 Controller [PNP0303:PS2K,PNP0f03:PS2M] at 0x60,0x64 irq 1,12
[    2.725484] serio: i8042 KBD port at 0x60,0x64 irq 1
[    2.736085] serio: i8042 AUX port at 0x60,0x64 irq 12
[    2.747588] mousedev: PS/2 mouse device common for all mice
[    2.759630] input: AT Translated Set 2 keyboard as /devices/platform/i8042/serio0/input/input2
[    2.843204] rtc_cmos rtc_cmos: rtc core: registered rtc_cmos as rtc0
[    2.854890] rtc_cmos rtc_cmos: alarms up to one day, 114 bytes nvram
[    2.873017] i2c /dev entries driver
[    2.876902] device-mapper: uevent: version 1.0.3
[    2.876902] device-mapper: ioctl: 4.37.0-ioctl (2017-09-20) initialised: dm-devel@redhat.com
[    2.925596] ledtrig-cpu: registered to indicate activity on CPUs
[    2.948980] NET: Registered protocol family 10
[    2.976069] Segment Routing with IPv6
[    2.980006] NET: Registered protocol family 17
[    2.992894] Key type dns_resolver registered
[    3.001432] mce: Using 0 MCE banks
[    3.010139] RAS: Correctable Errors collector initialized.
[    3.018597] sched_clock: Marking stable (3018508423, 0)->(4057998687, -1039490264)
[    3.064444] registered taskstats version 1
[    3.071712] Loading compiled-in X.509 certificates
[    3.085375] Loaded X.509 cert 'Build time autogenerated kernel key: cdc7189136aaa35407544516090e2034d9c28e14'
[    3.097527] Loaded X.509 cert 'Canonical Ltd. Live Patch Signing: 14df34d1a87cf37625abec039ef2bf521249b969'
[    3.124447] Loaded X.509 cert 'Canonical Ltd. Kernel Module Signing: 88f752e560a1e0737e31163a466ad7b70a850c19'
[    3.137675] blacklist: Loading compiled-in revocation X.509 certificates
[    3.143788] Loaded X.509 cert 'Canonical Ltd. Secure Boot Signing: 61482aa2830d0ab2ad5af10b7250da9033ddcef0'
[    3.159649] Loaded X.509 cert 'Canonical Ltd. Secure Boot Signing (2017): 242ade75ac4a15e50d50c84b0d45ff3eae707a03'
[    3.169372] Loaded X.509 cert 'Canonical Ltd. Secure Boot Signing (ESM 2018): 365188c1d374d6b07c3c8f240f8ef722433d6a8b'
[    3.179660] Loaded X.509 cert 'Canonical Ltd. Secure Boot Signing (2019): c0746fd6c5da3ae827864651ad66ae47fe24b3e8'
[    3.189796] Loaded X.509 cert 'Canonical Ltd. Secure Boot Signing (2021 v1): a8d54bbb3825cfb94fa13c9f8a594a195c107b8d'
[    3.201720] Loaded X.509 cert 'Canonical Ltd. Secure Boot Signing (2021 v2): 4cf046892d6fd3c9a5b03f98d845f90851dc6a8c'
[    3.207765] Loaded X.509 cert 'Canonical Ltd. Secure Boot Signing (2021 v3): 100437bb6de6e469b581e61cd66bce3ef4ed53af'
[    3.218035] Loaded X.509 cert 'Canonical Ltd. Secure Boot Signing (Ubuntu Core 2019): c1d57b8f6b743f23ee41f4f7ee292f06eecadfb9'
[    3.229471] zswap: loaded using pool lzo/zbud
[    3.249774] Key type big_key registered
[    3.254380] Key type trusted registered
[    3.265845] Key type encrypted registered
[    3.271581] AppArmor: AppArmor sha1 policy hashing enabled
[    3.282861] ima: No TPM chip found, activating TPM-bypass! (rc=-19)
[    3.290074] ima: Allocated hash algorithm: sha1
[    3.301684] evm: HMAC attrs: 0x1
[    3.308602]   Magic number: 4:210:480
[    3.314555] rtc_cmos rtc_cmos: setting system clock to 2024-08-28 11:28:16 UTC (1724844496)
[    3.336633] BIOS EDD facility v0.16 2004-Jun-25, 0 devices found
[    3.348629] EDD information not available.
[    3.365110] Freeing unused kernel image memory: 2480K
[    3.517149] Write protecting the kernel read-only data: 20480k
[    3.539975] Freeing unused kernel image memory: 2008K
[    3.557157] Freeing unused kernel image memory: 1820K
[    3.583293] x86/mm: Checked W+X mappings: passed, no W+X pages found.
Loading, please wait...
starting version 237
[    3.757600] e1000: Intel(R) PRO/1000 Network Driver - version 7.3.21-k8-NAPI
[    3.771443] e1000: Copyright (c) 1999-2006 Intel Corporation.
[    3.837352] Fusion MPT base driver 3.04.20
[    3.851049] Copyright (c) 1999-2008 LSI Corporation
[    3.874645] SSE version of gcm_enc/dec engaged.
[    3.911543] Fusion MPT SPI Host driver 3.04.20
[    4.119518] input: ImExPS/2 Generic Explorer Mouse as /devices/platform/i8042/serio1/input/input4
[    5.221070] e1000 0000:00:03.0 eth0: (PCI:33MHz:32-bit) 02:3b:7b:b7:3b:2d
[    5.233351] e1000 0000:00:03.0 eth0: Intel(R) PRO/1000 Network Connection
[    5.254336] mptbase: ioc0: Initiating bringup
[    5.556886] ioc0: LSI53C1030 A0: Capabilities={Initiator}
[    5.936414] scsi host2: ioc0: LSI53C1030 A0, FwRev=00000000h, Ports=1, MaxQ=256, IRQ=20
[    6.544300] scsi 2:0:0:0: Direct-Access     VBOX     HARDDISK         1.0  PQ: 0 ANSI: 5
[    7.837714] scsi target2:0:0: Beginning Domain Validation
[    7.890852] e1000 0000:00:08.0 eth1: (PCI:33MHz:32-bit) 08:00:27:f1:06:30
[    7.907506] e1000 0000:00:08.0 eth1: Intel(R) PRO/1000 Network Connection
[    7.943761] scsi target2:0:0: Domain Validation skipping write tests
[    7.959676] scsi target2:0:0: Ending Domain Validation
[    7.967552] scsi target2:0:0: asynchronous
[    7.980944] scsi 2:0:1:0: Direct-Access     VBOX     HARDDISK         1.0  PQ: 0 ANSI: 5
[    8.036115] scsi target2:0:1: Beginning Domain Validation
[    8.057062] scsi target2:0:1: Domain Validation skipping write tests
[    8.065143] scsi target2:0:1: Ending Domain Validation
[    8.071174] scsi target2:0:1: asynchronous
[    8.100622] sd 2:0:0:0: Attached scsi generic sg0 type 0
[    8.113635] sd 2:0:0:0: [sda] 83886080 512-byte logical blocks: (42.9 GB/40.0 GiB)
[    8.135312] sd 2:0:0:0: [sda] Write Protect is off
[    8.135622] sd 2:0:1:0: Attached scsi generic sg1 type 0
[    8.155191] sd 2:0:1:0: [sdb] 20480 512-byte logical blocks: (10.5 MB/10.0 MiB)
[    8.155665] sd 2:0:0:0: [sda] Incomplete mode parameter data
[    8.181415] sd 2:0:0:0: [sda] Assuming drive cache: write through
[    8.181727] sd 2:0:1:0: [sdb] Write Protect is off
[    8.200614] sd 2:0:1:0: [sdb] Incomplete mode parameter data
[    8.204232]  sda: sda1
[    8.213083] sd 2:0:1:0: [sdb] Assuming drive cache: write through
[    8.237991] sd 2:0:0:0: [sda] Attached SCSI disk
[    8.262995] sd 2:0:1:0: [sdb] Attached SCSI disk
[    8.276930] e1000 0000:00:03.0 enp0s3: renamed from eth0
[    8.306685] e1000 0000:00:08.0 enp0s8: renamed from eth1
Begin: Loading essential drivers ... [   84.217137] INFO: rcu_sched detected stalls on CPUs/tasks:
[   84.232580] 	1-...!: (1 GPs behind) idle=536/140000000000001/0 softirq=871/872 fqs=0 
[   84.253163] 	(detected by 1, t=0 jiffies, g=-104, c=-105, q=69)
[   84.259255] NMI backtrace for cpu 1
[   84.264856] CPU: 1 PID: 291 Comm: modprobe Not tainted 4.15.0-213-generic #224-Ubuntu
[   84.275166] Hardware name: innotek GmbH VirtualBox/VirtualBox, BIOS VirtualBox 12/01/2006
[   84.284634] Call Trace:
[   84.291506]  <IRQ>
[   84.297271]  dump_stack+0x6d/0x8b
[   84.304011]  nmi_cpu_backtrace+0x94/0xa0
[   84.308049]  ? lapic_can_unplug_cpu+0xb0/0xb0
[   84.312249]  nmi_trigger_cpumask_backtrace+0xe7/0x130
[   84.316965]  arch_trigger_cpumask_backtrace+0x19/0x20
[   84.329325]  rcu_dump_cpu_stacks+0xa3/0xd5
[   84.337198]  rcu_check_callbacks+0x894/0x8e0
[   84.347525]  ? tick_sched_do_timer+0x50/0x50
[   84.355574]  update_process_times+0x2f/0x60
[   84.362200]  tick_sched_handle+0x26/0x70
[   84.374384]  ? tick_sched_do_timer+0x42/0x50
[   84.386452]  tick_sched_timer+0x39/0x80
[   84.396983]  __hrtimer_run_queues+0xdf/0x230
[   84.410103]  hrtimer_interrupt+0x97/0x180
[   84.417634]  smp_apic_timer_interrupt+0x6f/0x140
[   84.431379]  apic_timer_interrupt+0x90/0xa0
[   84.444600]  </IRQ>
[   84.450746] RIP: 0010:raid6_sse21_gen_syndrome+0xba/0x130 [raid6_pq]
[   84.464461] RSP: 0018:ffffb59180567b50 EFLAGS: 00010283 ORIG_RAX: ffffffffffffff11
[   84.482936] RAX: ffffb59180567bc8 RBX: 0000000000001000 RCX: ffffffffc0510600
[   84.503776] RDX: 0000000000000dc0 RSI: ffffb59180567c18 RDI: 000000000000000d
[   84.523186] RBP: ffffb59180567b80 R08: ffffb59180567b98 R09: 0000000000000dc0
[   84.541384] R10: ffffb59180567c10 R11: ffffb59180567c08 R12: ffff8f34f6026000
[   84.560821] R13: ffff8f34f6027000 R14: ffffb59180567ba0 R15: 0000000000000080
[   84.576809]  init_module+0x118/0x1000 [raid6_pq]
[   84.581413]  ? 0xffffffffc043f000
[   84.585242]  do_one_initcall+0x52/0x1b0
[   84.589799]  ? _cond_resched+0x19/0x40
[   84.593406]  ? kmem_cache_alloc_trace+0x167/0x1d0
[   84.597751]  ? do_init_module+0x27/0x1f2
[   84.601818]  do_init_module+0x4f/0x1f2
[   84.609545]  load_module+0x1aa7/0x1fd0
[   84.613201]  ? ima_post_read_file+0x96/0xa0
[   84.617233]  SYSC_finit_module+0xfc/0x120
[   84.630410]  ? SYSC_finit_module+0xfc/0x120
[   84.634803]  SyS_finit_module+0xe/0x10
[   84.645227]  do_syscall_64+0x73/0x130
[   84.655035]  entry_SYSCALL_64_after_hwframe+0x59/0xbe
[   84.668051] RIP: 0033:0x7f6c050c8539
[   84.672473] RSP: 002b:00007ffcacfe44b8 EFLAGS: 00000246 ORIG_RAX: 0000000000000139
[   84.679757] RAX: ffffffffffffffda RBX: 000056524244a800 RCX: 00007f6c050c8539
[   84.691165] RDX: 0000000000000000 RSI: 0000565240467cee RDI: 0000000000000004
[   84.704044] RBP: 0000565240467cee R08: 0000000000000000 R09: 0000565242449d80
[   84.711333] R10: 0000000000000004 R11: 0000000000000246 R12: 0000000000000000
[   84.718486] R13: 000056524244a7b0 R14: 0000000000060000 R15: 0000565242449d80
[   84.734901] raid6: sse2x1   gen() 14770690 MB/s
[   84.804805] raid6: sse2x1   xor()  5917 MB/s
[   84.856717] raid6: sse2x2   gen()  9636 MB/s
[   84.908326] raid6: sse2x2   xor()  6739 MB/s
[   84.960081] raid6: sse2x4   gen() 11822 MB/s
[   85.022271] raid6: sse2x4   xor()  8538 MB/s
[   85.029772] raid6: using algorithm sse2x1 gen() 14770690 MB/s
[   85.037676] raid6: .... xor() 5917 MB/s, rmw enabled
[   85.047402] raid6: using ssse3x2 recovery algorithm
[   85.064549] xor: measuring software checksum speed
[   85.112670]    prefetch64-sse:  8082.000 MB/sec
[   85.164097]    generic_sse: 14696.000 MB/sec
[   85.173251] xor: using function: generic_sse (14696.000 MB/sec)
[   85.190266] async_tx: api initialized (async)
done.
Begin: Running /scripts/init-premount ... done.
Begin: Mounting root file system ... Begin: Running /scripts/local-top ... done.
Begin: Running /scripts/local-premount ... [   85.319103] Btrfs loaded, crc32c=crc32c-intel
Scanning for Btrfs filesystems
done.
Begin: Will now check root file system ... fsck from util-linux 2.31.1
[/sbin/fsck.ext4 (1) -- /dev/sda1] fsck.ext4 -a -C0 /dev/sda1 
cloudimg-rootfs: recovering journal
cloudimg-rootfs: Clearing orphaned inode 65384 (uid=111, gid=116, mode=0100600, size=0)
cloudimg-rootfs: Clearing orphaned inode 65091 (uid=111, gid=116, mode=0100600, size=0)
cloudimg-rootfs: Clearing orphaned inode 65089 (uid=111, gid=116, mode=0100600, size=0)
cloudimg-rootfs: Clearing orphaned inode 20781 (uid=111, gid=116, mode=0100600, size=293)
cloudimg-rootfs: Clearing orphaned inode 17914 (uid=111, gid=116, mode=0100600, size=0)
cloudimg-rootfs: Clearing orphaned inode 292527 (uid=0, gid=0, mode=0100666, size=0)
cloudimg-rootfs: clean, 105293/5120000 files, 868032/10485499 blocks
done.
[   85.890846] EXT4-fs (sda1): mounted filesystem with ordered data mode. Opts: (null)
done.
Begin: Running /scripts/local-bottom ... done.
Begin: Running /scripts/init-bottom ... done.
[   86.274492] ip_tables: (C) 2000-2006 Netfilter Core Team
[   86.299387] systemd[1]: systemd 237 running in system mode. (+PAM +AUDIT +SELINUX +IMA +APPARMOR +SMACK +SYSVINIT +UTMP +LIBCRYPTSETUP +GCRYPT +GNUTLS +ACL +XZ +LZ4 +SECCOMP +BLKID +ELFUTILS +KMOD -IDN2 +IDN -PCRE2 default-hierarchy=hybrid)
[   86.319482] systemd[1]: Detected virtualization oracle.
[   86.333310] systemd[1]: Detected architecture x86-64.

Welcome to [1mUbuntu 18.04.6 LTS[0m!

[   86.428997] systemd[1]: Set hostname to <ubuntu-bionic>.
[   86.974642] systemd[1]: Created slice System Slice.
[[0;32m  OK  [0m] Created slice System Slice.
[   86.984054] systemd[1]: Listening on Journal Socket (/dev/log).
[[0;32m  OK  [0m] Listening on Journal Socket (/dev/log).
[   86.994770] systemd[1]: Listening on /dev/initctl Compatibility Named Pipe.
[[0;32m  OK  [0m] Listening on /dev/initctl Compatibility Named Pipe.
[   87.006464] systemd[1]: Listening on Syslog Socket.
[[0;32m  OK  [0m] Listening on Syslog Socket.
[   87.015590] systemd[1]: Reached target Mounting snaps.
[[0;32m  OK  [0m] Reached target Mounting snaps.
[   87.025355] systemd[1]: Reached target User and Group Name Lookups.
[[0;32m  OK  [0m] Reached target User and Group Name Lookups.
[[0;32m  OK  [0m] Listening on LVM2 metadata daemon socket.
[[0;32m  OK  [0m] Reached target Swap.
[[0;32m  OK  [0m] Listening on Network Service Netlink Socket.
[[0;32m  OK  [0m] Listening on udev Kernel Socket.
[[0;32m  OK  [0m] Listening on fsck to fsckd communication Socket.
[[0;32m  OK  [0m] Created slice User and Session Slice.
[[0;32m  OK  [0m] Reached target System Time Synchronized.
[[0;32m  OK  [0m] Reached target Mounted snaps.
[[0;32m  OK  [0m] Listening on Device-mapper event daemon FIFOs.
[[0;32m  OK  [0m] Listening on udev Control Socket.
[[0;32m  OK  [0m] Listening on LVM2 poll daemon socket.
[[0;32m  OK  [0m] Reached target Slices.
[[0;32m  OK  [0m] Listening on Journal Socket.
         Mounting POSIX Message Queue File System...
         Starting Set the console keyboard layout...
         Mounting Huge Pages File System...
         Starting Create list of required stâ€¦ce nodes for the current kernel...
         Starting udev Coldplug all Devices...
         Starting Load Kernel Modules...
         Starting Monitoring of LVM2 mirrorsâ€¦ng dmeventd or progress polling...
         Mounting Kernel Debug File System...
         Starting Remount Root and Kernel File Systems...
[[0;32m  OK  [0m] Set up automount Arbitrary Executabâ€¦rmats File System Automount Point.
[   87.204544] EXT4-fs (sda1): re-mounted. Opts: (null)
[[0;32m  OK  [0m] Created slice system-serial\x2dgetty.slice.
         Starting Uncomplicated firewall...
[   87.238130] Loading iSCSI transport class v2.0-870.
[[0;32m  OK  [0m] Listening on Journal Audit Socket.
         Starting Journal Service...
[[0;32m  OK  [0m] Started Forward Password Requests to Wall Directory Watch.
[[0;32m  OK  [0m] Mounted POSIX Message Queue File System.
[[0;32m  OK  [0m] Mounted Huge Pages File System.
[[0;32m  OK  [0m] Started Create list of required staâ€¦vice nodes for the current kernel.
[   87.299775] iscsi: registered transport (tcp)
[[0;32m  OK  [0m] Mounted Kernel Debug File System.
[[0;32m  OK  [0m] Started Remount Root and Kernel File Systems.
[[0;32m  OK  [0m] Started Uncomplicated firewall.
[[0;32m  OK  [0m] Started LVM2 metadata daemon.
         Starting Load/Save Random Seed...
         Starting Create Static Device Nodes in /dev...
[[0;32m  OK  [0m] Started Load/Save Random Seed.
[[0;32m  OK  [0m] Started udev Coldplug all Devices.
[[0;32m  OK  [0m] Started Journal Service.
         Starting Flush Journal to Persistent Storage...
[[0;32m  OK  [0m] Started Monitoring of LVM2 mirrors,â€¦sing dmeventd or progress polling.
[   87.455677] systemd-journald[438]: Received request to flush runtime journal from PID 1
[   87.478268] iscsi: registered transport (iser)
[[0;32m  OK  [0m] Started Load Kernel Modules.
         Mounting FUSE Control File System...
         Starting Apply Kernel Variables...
         Mounting Kernel Configuration File System...
[[0;32m  OK  [0m] Mounted FUSE Control File System.
[[0;32m  OK  [0m] Mounted Kernel Configuration File System.
[[0;32m  OK  [0m] Started Create Static Device Nodes in /dev.
         Starting udev Kernel Device Manager...
[[0;32m  OK  [0m] Started Set the console keyboard layout.
[[0;32m  OK  [0m] Reached target Local File Systems (Pre).
[[0;32m  OK  [0m] Reached target Local File Systems.
         Starting AppArmor initialization...
         Starting Set console font and keymap...
         Starting ebtables ruleset management...
         Starting Tell Plymouth To Write Out Runtime Data...
[[0;32m  OK  [0m] Started Apply Kernel Variables.
[[0;32m  OK  [0m] Started Set console font and keymap.
[[0;32m  OK  [0m] Started Tell Plymouth To Write Out Runtime Data.
[[0;32m  OK  [0m] Started udev Kernel Device Manager.
[[0;32m  OK  [0m] Started Dispatch Password Requests to Console Directory Watch.
[[0;32m  OK  [0m] Reached target Local Encrypted Volumes.
[[0;32m  OK  [0m] Started Flush Journal to Persistent Storage.
         Starting Create Volatile Files and Directories...
[[0;32m  OK  [0m] Started ebtables ruleset management.
[[0;32m  OK  [0m] Started Create Volatile Files and Directories.
         Starting Update UTMP about System Boot/Shutdown...
[[0;32m  OK  [0m] Started Update UTMP about System Boot/Shutdown.
[[0;32m  OK  [0m] Found device /dev/ttyS0.
[[0;32m  OK  [0m] Listening on Load/Save RF Kill Switch Status /dev/rfkill Watch.
[[0;32m  OK  [0m] Started AppArmor initialization.
         Starting Load AppArmor profiles managed internally by snapd...
         Starting Initial cloud-init job (pre-networking)...
         Mounting Arbitrary Executable File Formats File System...
[[0;32m  OK  [0m] Mounted Arbitrary Executable File Formats File System.
[[0;32m  OK  [0m] Started Load AppArmor profiles managed internally by snapd.
[   91.422334] cloud-init[572]: Cloud-init v. 23.1.2-0ubuntu0~18.04.1 running 'init-local' at Wed, 28 Aug 2024 11:29:44 +0000. Up 91.08 seconds.
[[0;32m  OK  [0m] Started Initial cloud-init job (pre-networking).
[[0;32m  OK  [0m] Reached target Network (Pre).
         Starting Network Service...
[[0;32m  OK  [0m] Started Network Service.
         Starting Wait for Network to be Configured...
         Starting Network Name Resolution...
[[0;32m  OK  [0m] Started Network Name Resolution.
[[0;32m  OK  [0m] Reached target Network.
[[0;32m  OK  [0m] Reached target Host and Network Name Lookups.
[[0;32m  OK  [0m] Started Wait for Network to be Configured.
         Starting Initial cloud-init job (metadata service crawler)...
[   94.427477] cloud-init[691]: Cloud-init v. 23.1.2-0ubuntu0~18.04.1 running 'init' at Wed, 28 Aug 2024 11:29:47 +0000. Up 94.20 seconds.
[   94.435670] cloud-init[691]: ci-info: ++++++++++++++++++++++++++++++++++++++Net device info++++++++++++++++++++++++++++++++++++++
[   94.442254] cloud-init[691]: ci-info: +--------+------+----------------------------+---------------+--------+-------------------+
[   94.449180] cloud-init[691]: ci-info: | Device |  Up  |          Address           |      Mask     | Scope  |     Hw-Address    |
[   94.459142] cloud-init[691]: ci-info: +--------+------+----------------------------+---------------+--------+-------------------+
[   94.468158] cloud-init[691]: ci-info: | enp0s3 | True |         10.0.2.15          | 255.255.255.0 | global | 02:3b:7b:b7:3b:2d |
[   94.489210] cloud-init[691]: ci-info: | enp0s3 | True | fe80::3b:7bff:feb7:3b2d/64 |       .       |  link  | 02:3b:7b:b7:3b:2d |
[   94.493364] cloud-init[691]: ci-info: | enp0s8 | True |         172.16.2.9         | 255.255.255.0 | global | 08:00:27:f1:06:30 |
[   94.497759] cloud-init[691]: ci-info: | enp0s8 | True | fe80::a00:27ff:fef1:630/64 |       .       |  link  | 08:00:27:f1:06:30 |
[   94.502065] cloud-init[691]: ci-info: |   lo   | True |         127.0.0.1          |   255.0.0.0   |  host  |         .         |
[   94.506333] cloud-init[691]: ci-info: |   lo   | True |          ::1/128           |       .       |  host  |         .         |
[   94.511437] cloud-init[691]: ci-info: +--------+------+----------------------------+---------------+--------+-------------------+
[   94.519509] cloud-init[691]: ci-info: ++++++++++++++++++++++++++++Route IPv4 info+++++++++++++++++++++++++++++
[   94.523901] cloud-init[691]: ci-info: +-------+-------------+----------+-----------------+-----------+-------+
[   94.529679] cloud-init[691]: ci-info: | Route | Destination | Gateway  |     Genmask     | Interface | Flags |
[   94.536060] cloud-init[691]: ci-info: +-------+-------------+----------+-----------------+-----------+-------+
[   94.542535] cloud-init[691]: ci-info: |   0   |   0.0.0.0   | 10.0.2.2 |     0.0.0.0     |   enp0s3  |   UG  |
[   94.548392] cloud-init[691]: ci-info: |   1   |   10.0.2.0  | 0.0.0.0  |  255.255.255.0  |   enp0s3  |   U   |
[   94.554803] cloud-init[691]: ci-info: |   2   |   10.0.2.2  | 0.0.0.0  | 255.255.255.255 |   enp0s3  |   UH  |
[   94.560699] cloud-init[691]: ci-info: |   3   |  172.16.2.0 | 0.0.0.0  |  255.255.255.0  |   enp0s8  |   U   |
[   94.571555] cloud-init[691]: ci-info: +-------+-------------+----------+-----------------+-----------+-------+
[   94.581819] cloud-init[691]: ci-info: +++++++++++++++++++Route IPv6 info+++++++++++++++++++
[   94.586163] cloud-init[691]: ci-info: +-------+-------------+---------+-----------+-------+
[   94.593516] cloud-init[691]: ci-info: | Route | Destination | Gateway | Interface | Flags |
[   94.601769] cloud-init[691]: ci-info: +-------+-------------+---------+-----------+-------+
[   94.610621] cloud-init[691]: ci-info: |   1   |  fe80::/64  |    ::   |   enp0s8  |   U   |
[   94.619409] cloud-init[691]: ci-info: |   2   |  fe80::/64  |    ::   |   enp0s3  |   U   |
[   94.627987] cloud-init[691]: ci-info: |   4   |    local    |    ::   |   enp0s3  |   U   |
[   94.631537] cloud-init[691]: ci-info: |   5   |    local    |    ::   |   enp0s8  |   U   |
[   94.634554] cloud-init[691]: ci-info: |   6   |   ff00::/8  |    ::   |   enp0s8  |   U   |
[   94.650090] cloud-init[691]: ci-info: |   7   |   ff00::/8  |    ::   |   enp0s3  |   U   |
[   94.660544] cloud-init[691]: ci-info: +-------+-------------+---------+-----------+-------+
[[0;32m  OK  [0m] Started Initial cloud-init job (metadata service crawler).
[[0;32m  OK  [0m] Reached target Network is Online.
         Starting Availability of block devices...
[[0;32m  OK  [0m] Reached target Remote File Systems (Pre).
         Mounting /vagrant...
[[0;32m  OK  [0m] Reached target Cloud-config availability.
[[0;32m  OK  [0m] Reached target System Initialization.
[[0;32m  OK  [0m] Started Daily Cleanup of Temporary Directories.
[[0;32m  OK  [0m] Started Discard unused blocks once a week.
[[0;32m  OK  [0m] Listening on cloud-init hotplug hook socket.
[[0;32m  OK  [0m] Started Clean PHP session files every 30 mins.
[[0;32m  OK  [0m] Started ACPI Events Check.
[[0;32m  OK  [0m] Reached target Paths.
[[0;32m  OK  [0m] Listening on UUID daemon activation socket.
         Starting LXD - unix socket.
[[0;32m  OK  [0m] Listening on D-Bus System Message Bus Socket.
[[0;32m  OK  [0m] Started Ubuntu Advantage Timer for running repeated jobs.
[[0;32m  OK  [0m] Started Daily apt download activities.
[[0;32m  OK  [0m] Started Daily apt upgrade and clean activities.
[[0;32m  OK  [0m] Listening on Open-iSCSI iscsid Socket.
         Starting Socket activation for snappy daemon.
[[0;32m  OK  [0m] Started Message of the Day.
[[0;32m  OK  [0m] Reached target Timers.
[[0;32m  OK  [0m] Listening on ACPID Listen Socket.
[[0;32m  OK  [0m] Started Availability of block devices.
[[0;32m  OK  [0m] Mounted /vagrant.
[[0;32m  OK  [0m] Listening on LXD - unix socket.
[[0;32m  OK  [0m] Listening on Socket activation for snappy daemon.
[[0;32m  OK  [0m] Reached target Sockets.
[[0;32m  OK  [0m] Reached target Basic System.
         Starting Dispatcher daemon for systemd-networkd...
         Starting LXD - container startup/shutdown...
         Starting System Logging Service...
         Starting Clean php session files...
         Starting Message of the Day...
[[0;32m  OK  [0m] Started FUSE filesystem for LXC.
[[0;32m  OK  [0m] Started Regular background program processing daemon.
         Starting OpenBSD Secure Shell server...
         Starting Login Service...
[[0;32m  OK  [0m] Started irqbalance daemon.
         Starting Snap Daemon...
         Starting LSB: Record successful boot for GRUB...
[[0;32m  OK  [0m] Reached target Login Prompts (Pre).
[[0;32m  OK  [0m] Started Deferred execution scheduler.
[[0;32m  OK  [0m] Started D-Bus System Message Bus.
[[0;32m  OK  [0m] Started Login Service.
[[0;32m  OK  [0m] Started Unattended Upgrades Shutdown.
         Starting Accounts Service...
         Starting MySQL Community Server...
         Starting Virtualbox guest utils...
[[0;32m  OK  [0m] Reached target Remote File Systems.
         Starting The Apache HTTP Server...
         Starting LSB: automatic crash report generation...
         Starting Permit User Sessions...
[[0;32m  OK  [0m] Started System Logging Service.
[[0;32m  OK  [0m] Started LXD - container startup/shutdown.
[[0;32m  OK  [0m] Started Dispatcher daemon for systemd-networkd.
[[0;32m  OK  [0m] Started Permit User Sessions.
         Starting Terminate Plymouth Boot Screen...
         Starting Hold until boot process finishes up...
[[0;32m  OK  [0m] Started Hold until boot process finishes up.
[[0;32m  OK  [0m] Started Terminate Plymouth Boot Screen.
[[0;32m  OK  [0m] Started Serial Getty on ttyS0.
         Starting Set console scheme...
[[0;32m  OK  [0m] Started OpenBSD Secure Shell server.
[[0;32m  OK  [0m] Started Set console scheme.
[[0;32m  OK  [0m] Created slice system-getty.slice.
[[0;32m  OK  [0m] Started Getty on tty1.
[[0;32m  OK  [0m] Reached target Login Prompts.
[[0;32m  OK  [0m] Started LSB: automatic crash report generation.
[[0;32m  OK  [0m] Started LSB: Record successful boot for GRUB.
[[0;32m  OK  [0m] Started Virtualbox guest utils.
         Starting Authorization Manager...
[[0;32m  OK  [0m] Started Authorization Manager.
[[0;32m  OK  [0m] Started Accounts Service.
[[0;32m  OK  [0m] Started The Apache HTTP Server.
[[0;32m  OK  [0m] Started Clean php session files.
[[0;32m  OK  [0m] Started Snap Daemon.
         Starting Wait until snapd is fully seeded...
         Starting Time & Date Service...
[[0;32m  OK  [0m] Started Time & Date Service.
[[0;32m  OK  [0m] Started Wait until snapd is fully seeded.
         Starting Apply the settings specified in cloud-config...
[[0;32m  OK  [0m] Created slice User Slice of vagrant.
         Starting User Manager for UID 1000...
[[0;32m  OK  [0m] Started Session 1 of user vagrant.
[  102.313253] cloud-init[1276]: Cloud-init v. 23.1.2-0ubuntu0~18.04.1 running 'modules:config' at Wed, 28 Aug 2024 11:29:55 +0000. Up 102.05 seconds.

Ubuntu 18.04.6 LTS ubuntu-bionic ttyS0

ubuntu-bionic login: [  103.545014] cloud-init[1373]: Cloud-init v. 23.1.2-0ubuntu0~18.04.1 running 'modules:final' at Wed, 28 Aug 2024 11:29:56 +0000. Up 103.32 seconds.
[  103.562879] cloud-init[1373]: Cloud-init v. 23.1.2-0ubuntu0~18.04.1 finished at Wed, 28 Aug 2024 11:29:56 +0000. Datasource DataSourceNoCloud [seed=/dev/sdb][dsmode=net].  Up 103.53 seconds
